Archive member included because of file (symbol)

C:/NXP2/S32DS_ARM_v2018.R1/S32DS/arm_ewl2/lib/armv7e-m\libc99.a(exit.o)
                              C:/NXP2/S32DS_ARM_v2018.R1/S32DS/arm_ewl2/lib/armv7e-m/__arm_start.o (exit)
C:/NXP2/S32DS_ARM_v2018.R1/S32DS/arm_ewl2/lib/armv7e-m\libc99.a(memset.o)
                              C:/NXP2/S32DS_ARM_v2018.R1/S32DS/arm_ewl2/lib/armv7e-m/__arm_start.o (memset)
C:/NXP2/S32DS_ARM_v2018.R1/S32DS/arm_ewl2/lib/armv7e-m\libc99.a(__filll_mem.o)
                              C:/NXP2/S32DS_ARM_v2018.R1/S32DS/arm_ewl2/lib/armv7e-m\libc99.a(memset.o) (__fill_mem)
C:/NXP2/S32DS_ARM_v2018.R1/S32DS/arm_ewl2/lib/armv7e-m\librt.a(gcc_ctor_dtor.o)
                              C:/NXP2/S32DS_ARM_v2018.R1/S32DS/arm_ewl2/lib/armv7e-m/__arm_start.o (__init_cpp)
C:/NXP2/S32DS_ARM_v2018.R1/S32DS/arm_ewl2/lib/armv7e-m\librt.a(__arm_eabi_init.o)
                              C:/NXP2/S32DS_ARM_v2018.R1/S32DS/arm_ewl2/lib/armv7e-m\libc99.a(exit.o) (__destroy_global_chain)
C:/NXP2/S32DS_ARM_v2018.R1/S32DS/arm_ewl2/lib/armv7e-m\librt.a(ROMCopy.o)
                              C:/NXP2/S32DS_ARM_v2018.R1/S32DS/arm_ewl2/lib/armv7e-m/__arm_start.o (__copy_rom_sections_to_ram)

Allocating common symbols
Common symbol       size              file

g_xtal0ClkFreq      0x4               ./SDK/platform/drivers/src/clock/S32K1xx/clock_S32K1xx.o
Register            0x4               ./Sources/main.o
g_RtcClkInFreq      0x4               ./SDK/platform/drivers/src/clock/S32K1xx/clock_S32K1xx.o
g_TClkFreq          0xc               ./SDK/platform/drivers/src/clock/S32K1xx/clock_S32K1xx.o

Discarded input sections

 .text          0x00000000        0x0 C:/NXP2/S32DS_ARM_v2018.R1/S32DS/arm_ewl2/lib/armv7e-m/__arm_start.o
 .data          0x00000000        0x0 C:/NXP2/S32DS_ARM_v2018.R1/S32DS/arm_ewl2/lib/armv7e-m/__arm_start.o
 .bss           0x00000000        0x0 C:/NXP2/S32DS_ARM_v2018.R1/S32DS/arm_ewl2/lib/armv7e-m/__arm_start.o
 .text.__thumb_startup
                0x00000000       0x3c C:/NXP2/S32DS_ARM_v2018.R1/S32DS/arm_ewl2/lib/armv7e-m/__arm_start.o
 .text.__iar_program_start
                0x00000000        0x4 C:/NXP2/S32DS_ARM_v2018.R1/S32DS/arm_ewl2/lib/armv7e-m/__arm_start.o
 .bss.argv      0x00000000        0x4 C:/NXP2/S32DS_ARM_v2018.R1/S32DS/arm_ewl2/lib/armv7e-m/__arm_start.o
 .debug_info    0x00000000      0x144 C:/NXP2/S32DS_ARM_v2018.R1/S32DS/arm_ewl2/lib/armv7e-m/__arm_start.o
 .debug_abbrev  0x00000000       0xc0 C:/NXP2/S32DS_ARM_v2018.R1/S32DS/arm_ewl2/lib/armv7e-m/__arm_start.o
 .debug_aranges
                0x00000000       0x28 C:/NXP2/S32DS_ARM_v2018.R1/S32DS/arm_ewl2/lib/armv7e-m/__arm_start.o
 .debug_line    0x00000000       0x68 C:/NXP2/S32DS_ARM_v2018.R1/S32DS/arm_ewl2/lib/armv7e-m/__arm_start.o
 .debug_str     0x00000000      0x270 C:/NXP2/S32DS_ARM_v2018.R1/S32DS/arm_ewl2/lib/armv7e-m/__arm_start.o
 .comment       0x00000000       0x71 C:/NXP2/S32DS_ARM_v2018.R1/S32DS/arm_ewl2/lib/armv7e-m/__arm_start.o
 .debug_frame   0x00000000       0x30 C:/NXP2/S32DS_ARM_v2018.R1/S32DS/arm_ewl2/lib/armv7e-m/__arm_start.o
 .ARM.attributes
                0x00000000       0x33 C:/NXP2/S32DS_ARM_v2018.R1/S32DS/arm_ewl2/lib/armv7e-m/__arm_start.o
 .group         0x00000000        0x8 ./Sources/main.o
 .group         0x00000000        0x8 ./Sources/main.o
 .group         0x00000000        0x8 ./Sources/main.o
 .group         0x00000000        0x8 ./Sources/main.o
 .group         0x00000000        0x8 ./Sources/main.o
 .group         0x00000000        0x8 ./Sources/main.o
 .group         0x00000000        0x8 ./Sources/main.o
 .group         0x00000000        0x8 ./Sources/main.o
 .group         0x00000000        0x8 ./Sources/main.o
 .group         0x00000000        0x8 ./Sources/main.o
 .group         0x00000000        0x8 ./Sources/main.o
 .group         0x00000000        0x8 ./Sources/main.o
 .group         0x00000000        0x8 ./Sources/main.o
 .group         0x00000000        0x8 ./Sources/main.o
 .group         0x00000000        0x8 ./Sources/main.o
 .group         0x00000000        0x8 ./Sources/main.o
 .group         0x00000000        0x8 ./Sources/main.o
 .group         0x00000000        0x8 ./Sources/main.o
 .group         0x00000000        0x8 ./Sources/main.o
 .group         0x00000000        0x8 ./Sources/main.o
 .group         0x00000000        0x8 ./Sources/main.o
 .group         0x00000000        0x8 ./Sources/main.o
 .group         0x00000000        0x8 ./Sources/main.o
 .group         0x00000000        0x8 ./Sources/main.o
 .text          0x00000000        0x0 ./Sources/main.o
 .data          0x00000000        0x0 ./Sources/main.o
 .bss           0x00000000        0x0 ./Sources/main.o
 .group         0x00000000        0x8 ./SDK/platform/drivers/src/pins/pins_port_hw_access.o
 .group         0x00000000        0x8 ./SDK/platform/drivers/src/pins/pins_port_hw_access.o
 .group         0x00000000        0x8 ./SDK/platform/drivers/src/pins/pins_port_hw_access.o
[...]
Memory Configuration

Name             Origin             Length             Attributes
m_interrupts     0x00000000         0x00000400         xr
m_flash_config   0x00000400         0x00000010         xr
m_text           0x00000410         0x0007fbf0         xr
m_data           0x1fff8000         0x00008000         rw
m_data_2         0x20000000         0x00007000         rw
*default*        0x00000000         0xffffffff

Linker script and memory map

LOAD C:/NXP2/S32DS_ARM_v2018.R1/S32DS/arm_ewl2/lib/armv7e-m/__arm_start.o
LOAD ./Sources/main.o
LOAD ./SDK/platform/drivers/src/pins/pins_port_hw_access.o
LOAD ./SDK/platform/drivers/src/pins/pins_driver.o
LOAD ./SDK/platform/drivers/src/interrupt/interrupt_manager.o
LOAD ./SDK/platform/drivers/src/clock/clock_manager.o
LOAD ./SDK/platform/drivers/src/clock/S32K1xx/clock_S32K1xx.o
LOAD ./SDK/platform/devices/startup.o
LOAD ./SDK/platform/devices/S32K144/startup/system_S32K144.o
LOAD ./Project_Settings/Startup_Code/startup_S32K144.o
LOAD ./Generated_Code/pin_mux.o
LOAD ./Generated_Code/clockMan1.o
LOAD ./Generated_Code/Cpu.o
START GROUP
LOAD C:/NXP2/S32DS_ARM_v2018.R1/S32DS/arm_ewl2/lib/armv7e-m\libc99.a
LOAD C:/NXP2/S32DS_ARM_v2018.R1/S32DS/arm_ewl2/lib/armv7e-m\libm.a
LOAD c:/nxp2/s32ds_arm_v2018.r1/cross_tools/gcc-arm-none-eabi-4_9/bin/../lib/gcc/arm-none-eabi/4.9.3/armv7e-m\libgcc.a
LOAD C:/NXP2/S32DS_ARM_v2018.R1/S32DS/arm_ewl2/lib/armv7e-m\librt.a
LOAD C:/NXP2/S32DS_ARM_v2018.R1/S32DS/arm_ewl2/lib/armv7e-m\libnoio.a
END GROUP
LOAD C:/NXP2/S32DS_ARM_v2018.R1/S32DS/arm_ewl2/lib/armv7e-m/__arm_end.o
                0x00000400                HEAP_SIZE = DEFINED (__heap_size__)?__heap_size__:0x400
                0x00000400                STACK_SIZE = DEFINED (__stack_size__)?__stack_size__:0x400
                0x00000400                M_VECTOR_RAM_SIZE = DEFINED (__flash_vector_table__)?0x0:0x400

.interrupts     0x00000000      0x400
                0x00000000                __VECTOR_TABLE = .
                0x00000000                . = ALIGN (0x4)
 *(.isr_vector)
 .isr_vector    0x00000000      0x400 ./Project_Settings/Startup_Code/startup_S32K144.o
                0x00000000                __isr_vector
                0x00000400                . = ALIGN (0x4)

.flash_config   0x00000400       0x10
                0x00000400                . = ALIGN (0x4)
 *(.FlashConfig)
 .FlashConfig   0x00000400       0x10 ./Project_Settings/Startup_Code/startup_S32K144.o
                0x00000410                . = ALIGN (0x4)

.text           0x00000410      0x41c
                0x00000410                . = ALIGN (0x4)
 *(.text)
 .text          0x00000410       0x44 ./Project_Settings/Startup_Code/startup_S32K144.o
                0x00000410                Reset_Handler
                0x00000450                DebugMon_Handler
                0x00000450                Reserved88_IRQHandler
                0x00000450                CAN0_ORed_IRQHandler
                0x00000450                HardFault_Handler
                0x00000450                Reserved86_IRQHandler
                0x00000450                Reserved103_IRQHandler
                0x00000450                SysTick_Handler
                0x00000450                FTM2_Ovf_Reload_IRQHandler
                0x00000450                Reserved50_IRQHandler
                0x00000450                FTFC_Fault_IRQHandler
                0x00000450                FTM0_Ch6_Ch7_IRQHandler
                0x00000450                Reserved114_IRQHandler
                0x00000450                PendSV_Handler
                0x00000450                NMI_Handler
                0x00000450                Reserved89_IRQHandler
                0x00000450                ERM_double_fault_IRQHandler
                0x00000450                DMA2_IRQHandler
                0x00000450                Reserved59_IRQHandler
                0x00000450                LPIT0_Ch0_IRQHandler
                0x00000450                Reserved99_IRQHandler
                0x00000450                FTM3_Ch6_Ch7_IRQHandler
                0x00000450                CAN2_ORed_0_15_MB_IRQHandler
                0x00000450                LPIT0_Ch3_IRQHandler
                0x00000450                Reserved92_IRQHandler
                0x00000450                FTM0_Ch4_Ch5_IRQHandler
                0x00000450                CAN1_Error_IRQHandler
                0x00000450                FTM3_Ch0_Ch1_IRQHandler
                0x00000450                SWI_IRQHandler
                0x00000450                ADC0_IRQHandler
                0x00000450                FTM2_Ch4_Ch5_IRQHandler
                0x00000450                UsageFault_Handler
                0x00000450                FTM0_Ovf_Reload_IRQHandler
                0x00000450                DefaultISR
                0x00000450                DMA9_IRQHandler
                0x00000450                Reserved58_IRQHandler
                0x00000450                CAN1_ORed_0_15_MB_IRQHandler
                0x00000450                FTM1_Ch2_Ch3_IRQHandler
                0x00000450                DMA14_IRQHandler
                0x00000450                Reserved82_IRQHandler
                0x00000450                CAN0_ORed_16_31_MB_IRQHandler
                0x00000450                LPI2C0_Slave_IRQHandler
                0x00000450                Reserved71_IRQHandler
                0x00000450                PORTD_IRQHandler
                0x00000450                Reserved69_IRQHandler
                0x00000450                PORTB_IRQHandler
                0x00000450                Reserved70_IRQHandler
                0x00000450                ADC1_IRQHandler
                0x00000450                FTM2_Ch2_Ch3_IRQHandler
                0x00000450                Reserved53_IRQHandler
                0x00000450                DMA5_IRQHandler
                0x00000450                RTC_IRQHandler
                0x00000450                PDB0_IRQHandler
                0x00000450                Reserved54_IRQHandler
                0x00000450                FTM2_Ch6_Ch7_IRQHandler
                0x00000450                FTM3_Ch2_Ch3_IRQHandler
                0x00000450                FTM2_Ch0_Ch1_IRQHandler
                0x00000450                LPSPI1_IRQHandler
                0x00000450                LPUART1_RxTx_IRQHandler
                0x00000450                RTC_Seconds_IRQHandler
                0x00000450                CAN2_ORed_IRQHandler
                0x00000450                Reserved72_IRQHandler
                0x00000450                Reserved110_IRQHandler
                0x00000450                DMA11_IRQHandler
                0x00000450                Reserved107_IRQHandler
                0x00000450                Read_Collision_IRQHandler
                0x00000450                CAN2_Error_IRQHandler
                0x00000450                FTFC_IRQHandler
                0x00000450                DMA7_IRQHandler
                0x00000450                FTM1_Ch6_Ch7_IRQHandler
                0x00000450                Reserved105_IRQHandler
                0x00000450                LPIT0_Ch1_IRQHandler
                0x00000450                FTM1_Ch4_Ch5_IRQHandler
                0x00000450                FTM3_Ovf_Reload_IRQHandler
                0x00000450                LPUART2_RxTx_IRQHandler
                0x00000450                LPSPI0_IRQHandler
                0x00000450                WDOG_EWM_IRQHandler
                0x00000450                MemManage_Handler
                0x00000450                Reserved90_IRQHandler
                0x00000450                Reserved83_IRQHandler
                0x00000450                FTM0_Fault_IRQHandler
                0x00000450                Reserved48_IRQHandler
                0x00000450                SVC_Handler
                0x00000450                ERM_single_fault_IRQHandler
                0x00000450                FTM2_Fault_IRQHandler
                0x00000450                FTM0_Ch2_Ch3_IRQHandler
                0x00000450                DMA13_IRQHandler
                0x00000450                FTM0_Ch0_Ch1_IRQHandler
                0x00000450                FTM3_Fault_IRQHandler
                0x00000450                RCM_IRQHandler
                0x00000450                DMA3_IRQHandler
                0x00000450                Reserved100_IRQHandler
                0x00000450                DMA0_IRQHandler
                0x00000450                Reserved91_IRQHandler
                0x00000450                CAN1_ORed_IRQHandler
                0x00000450                DMA15_IRQHandler
                0x00000450                SCG_IRQHandler
                0x00000450                PDB1_IRQHandler
                0x00000450                Reserved81_IRQHandler
                0x00000450                Reserved46_IRQHandler
                0x00000450                Reserved45_IRQHandler
                0x00000450                CAN0_Error_IRQHandler
                0x00000450                Reserved112_IRQHandler
                0x00000450                LPI2C0_Master_IRQHandler
                0x00000450                DMA4_IRQHandler
                0x00000450                FTM1_Fault_IRQHandler
                0x00000450                Reserved106_IRQHandler
                0x00000450                DMA_Error_IRQHandler
                0x00000450                LVD_LVW_IRQHandler
                0x00000450                LPIT0_Ch2_IRQHandler
                0x00000450                PORTA_IRQHandler
                0x00000450                MCM_IRQHandler
                0x00000450                LPSPI2_IRQHandler
                0x00000450                DMA12_IRQHandler
                0x00000450                FTM3_Ch4_Ch5_IRQHandler
                0x00000450                CAN0_ORed_0_15_MB_IRQHandler
                0x00000450                PORTE_IRQHandler
                0x00000450                LPUART0_RxTx_IRQHandler
                0x00000450                LPTMR0_IRQHandler
                0x00000450                BusFault_Handler
                0x00000450                Reserved87_IRQHandler
                0x00000450                FTM1_Ovf_Reload_IRQHandler
                0x00000450                DMA8_IRQHandler
                0x00000450                Reserved93_IRQHandler
                0x00000450                DMA10_IRQHandler
                0x00000450                CAN0_Wake_Up_IRQHandler
                0x00000450                CMP0_IRQHandler
                0x00000450                Reserved52_IRQHandler
                0x00000450                DMA6_IRQHandler
                0x00000450                FTM1_Ch0_Ch1_IRQHandler
                0x00000450                FLEXIO_IRQHandler
                0x00000450                DMA1_IRQHandler
                0x00000450                Reserved113_IRQHandler
 *(.text*)
 .text.SOSC_init_8MHz
                0x00000454       0x4c ./Sources/main.o
                0x00000454                SOSC_init_8MHz
 .text.SPLL_init_160MHz
                0x000004a0       0x64 ./Sources/main.o
                0x000004a0                SPLL_init_160MHz
 .text.clock_setup_80MHz
                0x00000504       0x2c ./Sources/main.o
                0x00000504                clock_setup_80MHz
 .text.WDOG_disable
                0x00000530       0x2c ./Sources/main.o
                0x00000530                WDOG_disable
 .text.PORTC_IRQHandler
                0x0000055c       0x60 ./Sources/main.o
                0x0000055c                PORTC_IRQHandler
 .text.main     0x000005bc       0xcc ./Sources/main.o
                0x000005bc                main
 .text.PINS_GPIO_SetPins
                0x00000688       0x1c ./SDK/platform/drivers/src/pins/pins_driver.o
 .text.PINS_DRV_SetPins
                0x000006a4       0x18 ./SDK/platform/drivers/src/pins/pins_driver.o
                0x000006a4                PINS_DRV_SetPins
 .text.INT_SYS_EnableIRQ
                0x000006bc       0x30 ./SDK/platform/drivers/src/interrupt/interrupt_manager.o
                0x000006bc                INT_SYS_EnableIRQ
 .text.init_data_bss
                0x000006ec      0x110 ./SDK/platform/devices/startup.o
                0x000006ec                init_data_bss
 .text.SystemInit
                0x000007fc       0x30 ./SDK/platform/devices/S32K144/startup/system_S32K144.o
                0x000007fc                SystemInit
 *(.rodata)
 *(.rodata*)
 *(.glue_7)
 .glue_7        0x00000000        0x0 linker stubs
 *(.glue_7t)
 .glue_7t       0x00000000        0x0 linker stubs
 *(.eh_frame)
 *(.init)
 *(.fini)
                0x0000082c                . = ALIGN (0x4)

.vfp11_veneer   0x0000082c        0x0
 .vfp11_veneer  0x00000000        0x0 linker stubs

.v4_bx          0x0000082c        0x0
 .v4_bx         0x00000000        0x0 linker stubs

.iplt           0x0000082c        0x0
 .iplt          0x00000000        0x0 C:/NXP2/S32DS_ARM_v2018.R1/S32DS/arm_ewl2/lib/armv7e-m/__arm_start.o

.rel.dyn        0x0000082c        0x0
 .rel.iplt      0x00000000        0x0 C:/NXP2/S32DS_ARM_v2018.R1/S32DS/arm_ewl2/lib/armv7e-m/__arm_start.o

.ARM.extab
 *(.ARM.extab* .gnu.linkonce.armextab.*)

.ARM            0x0000082c        0x0
                0x0000082c                __exidx_start = .
 *(.ARM.exidx*)
                0x0000082c                __exidx_end = .

.ctors          0x0000082c        0x0
                0x0000082c                __CTOR_LIST__ = .
 *crtbegin.o(.ctors)
 *crtbegin?.o(.ctors)
 *(EXCLUDE_FILE(*crtend.o *crtend?.o) .ctors)
 *(SORT(.ctors.*))
 *(.ctors)
                0x0000082c                __CTOR_END__ = .

.dtors          0x0000082c        0x0
                0x0000082c                __DTOR_LIST__ = .
 *crtbegin.o(.dtors)
 *crtbegin?.o(.dtors)
 *(EXCLUDE_FILE(*crtend.o *crtend?.o) .dtors)
 *(SORT(.dtors.*))
 *(.dtors)
                0x0000082c                __DTOR_END__ = .

.preinit_array  0x0000082c        0x0
                0x0000082c                PROVIDE (__preinit_array_start, .)
 *(.preinit_array*)
                0x0000082c                PROVIDE (__preinit_array_end, .)

.init_array     0x0000082c        0x0
                0x0000082c                PROVIDE (__init_array_start, .)
 *(SORT(.init_array.*))
 *(.init_array*)
                0x0000082c                PROVIDE (__init_array_end, .)

.fini_array     0x0000082c        0x0
                0x0000082c                PROVIDE (__fini_array_start, .)
 *(SORT(.fini_array.*))
 *(.fini_array*)
                0x0000082c                PROVIDE (__fini_array_end, .)
                0x0000082c                __etext = .
                0x0000082c                __DATA_ROM = .

.interrupts_ram
                0x1fff8000      0x400
                0x1fff8000                . = ALIGN (0x4)
                0x1fff8000                __VECTOR_RAM__ = .
                0x1fff8000                __interrupts_ram_start__ = .
 *(.m_interrupts_ram)
                0x1fff8400                . = (. + M_VECTOR_RAM_SIZE)
 *fill*         0x1fff8000      0x400 
                0x1fff8400                . = ALIGN (0x4)
                0x1fff8400                __interrupts_ram_end__ = .
                0x1fff8000                __VECTOR_RAM = DEFINED (__flash_vector_table__)?ORIGIN (m_interrupts):__VECTOR_RAM__
                0x00000400                __RAM_VECTOR_TABLE_SIZE = DEFINED (__flash_vector_table__)?0x0:(__interrupts_ram_end__ - __interrupts_ram_start__)

.data           0x1fff8400        0x0 load address 0x0000082c
                0x1fff8400                . = ALIGN (0x4)
                0x1fff8400                __DATA_RAM = .
                0x1fff8400                __data_start__ = .
 *(.data)
 *(.data*)
 *(.jcr*)
                0x1fff8400                . = ALIGN (0x4)
                0x1fff8400                __data_end__ = .
                0x0000082c                __DATA_END = (__DATA_ROM + (__data_end__ - __data_start__))
                0x0000082c                __CODE_ROM = __DATA_END

.igot.plt       0x1fff8400        0x0
 .igot.plt      0x00000000        0x0 C:/NXP2/S32DS_ARM_v2018.R1/S32DS/arm_ewl2/lib/armv7e-m/__arm_start.o

.code           0x1fff8400        0x0 load address 0x0000082c
                0x1fff8400                . = ALIGN (0x4)
                0x1fff8400                __CODE_RAM = .
                0x1fff8400                __code_start__ = .
 *(.code_ram)
                0x1fff8400                . = ALIGN (0x4)
                0x1fff8400                __code_end__ = .
                0x0000082c                __CODE_END = (__CODE_ROM + (__code_end__ - __code_start__))

.customSectionBlock
 *(.customSection)

.bss            0x20000000        0x8
                0x20000000                . = ALIGN (0x4)
                0x20000000                __BSS_START = .
                0x20000000                __bss_start__ = .
 *(.bss)
 *(.bss*)
 .bss.exit_code
                0x20000000        0x4 ./Sources/main.o
                0x20000000                exit_code
 *(COMMON)
 COMMON         0x20000004        0x4 ./Sources/main.o
                0x20000004                Register
                0x20000008                . = ALIGN (0x4)
                0x20000008                __bss_end__ = .
                0x20000008                __BSS_END = .

.heap           0x20000008      0x400
                0x20000008                . = ALIGN (0x8)
                0x20000008                __end__ = .
                0x20000008                PROVIDE (end, .)
                0x20000008                PROVIDE (_end, .)
                0x20000008                PROVIDE (__end, .)
                0x20000008                __HeapBase = .
                0x20000408                . = (. + HEAP_SIZE)
 *fill*         0x20000008      0x400 
                0x20000408                __HeapLimit = .
                0x20000408                __heap_limit = .

.stack          0x20000408      0x400
                0x20000408                . = ALIGN (0x8)
                0x20000808                . = (. + STACK_SIZE)
 *fill*         0x20000408      0x400 
                0x20007000                __StackTop = (ORIGIN (m_data_2) + 0x7000)
                0x20006c00                __StackLimit = (__StackTop - STACK_SIZE)
                0x20007000                PROVIDE (__stack, __StackTop)

.ARM.attributes
                0x00000000       0x31
 *(.ARM.attributes)
 .ARM.attributes
                0x00000000       0x33 ./Sources/main.o
 .ARM.attributes
                0x00000033       0x33 ./SDK/platform/drivers/src/pins/pins_driver.o
 .ARM.attributes
                0x00000066       0x33 ./SDK/platform/drivers/src/interrupt/interrupt_manager.o
 .ARM.attributes
                0x00000099       0x33 ./SDK/platform/devices/startup.o
 .ARM.attributes
                0x000000cc       0x33 ./SDK/platform/devices/S32K144/startup/system_S32K144.o
 .ARM.attributes
                0x000000ff       0x1b ./Project_Settings/Startup_Code/startup_S32K144.o
                0x00000001                ASSERT ((__StackLimit >= __HeapLimit), region m_data_2 overflowed with stack and heap)
OUTPUT(Practica.elf elf32-littlearm)

.debug_info     0x00000000     0x2cc1
 .debug_info    0x00000000      0x8f4 ./Sources/main.o
 .debug_info    0x000008f4     0x115b ./SDK/platform/drivers/src/pins/pins_driver.o
 .debug_info    0x00001a4f      0x8c1 ./SDK/platform/drivers/src/interrupt/interrupt_manager.o
 .debug_info    0x00002310      0x41d ./SDK/platform/devices/startup.o
 .debug_info    0x0000272d      0x500 ./SDK/platform/devices/S32K144/startup/system_S32K144.o
 .debug_info    0x00002c2d       0x94 ./Project_Settings/Startup_Code/startup_S32K144.o

.debug_abbrev   0x00000000      0x6ff
 .debug_abbrev  0x00000000      0x110 ./Sources/main.o
 .debug_abbrev  0x00000110      0x234 ./SDK/platform/drivers/src/pins/pins_driver.o
 .debug_abbrev  0x00000344      0x18e ./SDK/platform/drivers/src/interrupt/interrupt_manager.o
 .debug_abbrev  0x000004d2      0x101 ./SDK/platform/devices/startup.o
 .debug_abbrev  0x000005d3      0x118 ./SDK/platform/devices/S32K144/startup/system_S32K144.o
 .debug_abbrev  0x000006eb       0x14 ./Project_Settings/Startup_Code/startup_S32K144.o

.debug_aranges  0x00000000      0x2b8
 .debug_aranges
                0x00000000       0x48 ./Sources/main.o
 .debug_aranges
                0x00000048      0x190 ./SDK/platform/drivers/src/pins/pins_driver.o
 .debug_aranges
                0x000001d8       0x70 ./SDK/platform/drivers/src/interrupt/interrupt_manager.o
 .debug_aranges
                0x00000248       0x20 ./SDK/platform/devices/startup.o
 .debug_aranges
                0x00000268       0x30 ./SDK/platform/devices/S32K144/startup/system_S32K144.o
 .debug_aranges
                0x00000298       0x20 ./Project_Settings/Startup_Code/startup_S32K144.o

.debug_ranges   0x00000000      0x248
 .debug_ranges  0x00000000       0x38 ./Sources/main.o
 .debug_ranges  0x00000038      0x180 ./SDK/platform/drivers/src/pins/pins_driver.o
 .debug_ranges  0x000001b8       0x60 ./SDK/platform/drivers/src/interrupt/interrupt_manager.o
 .debug_ranges  0x00000218       0x10 ./SDK/platform/devices/startup.o
 .debug_ranges  0x00000228       0x20 ./SDK/platform/devices/S32K144/startup/system_S32K144.o

.debug_macro    0x00000000    0x10d3f
 .debug_macro   0x00000000      0x1a6 ./Sources/main.o
 .debug_macro   0x000001a6      0x868 ./Sources/main.o
 .debug_macro   0x00000a0e       0x52 ./Sources/main.o
 .debug_macro   0x00000a60       0xa0 ./Sources/main.o
 .debug_macro   0x00000b00       0x16 ./Sources/main.o
 .debug_macro   0x00000b16       0x10 ./Sources/main.o
 .debug_macro   0x00000b26       0x6d ./Sources/main.o
 .debug_macro   0x00000b93       0x19 ./Sources/main.o
 .debug_macro   0x00000bac       0x64 ./Sources/main.o
 .debug_macro   0x00000c10      0x185 ./Sources/main.o
 .debug_macro   0x00000d95      0x140 ./Sources/main.o
 .debug_macro   0x00000ed5       0x9d ./Sources/main.o
 .debug_macro   0x00000f72       0x10 ./Sources/main.o
 .debug_macro   0x00000f82      0x15b ./Sources/main.o
 .debug_macro   0x000010dd       0x28 ./Sources/main.o
 .debug_macro   0x00001105       0x58 ./Sources/main.o
 .debug_macro   0x0000115d     0xecad ./Sources/main.o
 .debug_macro   0x0000fe0a      0xa20 ./Sources/main.o
 .debug_macro   0x0001082a       0x22 ./Sources/main.o
 .debug_macro   0x0001084c       0x71 ./Sources/main.o
 .debug_macro   0x000108bd       0x28 ./Sources/main.o
 .debug_macro   0x000108e5       0x16 ./Sources/main.o
 .debug_macro   0x000108fb       0x16 ./Sources/main.o
 .debug_macro   0x00010911       0x16 ./Sources/main.o
 .debug_macro   0x00010927       0x16 ./Sources/main.o
 .debug_macro   0x0001093d      0x142 ./SDK/platform/drivers/src/pins/pins_driver.o
 .debug_macro   0x00010a7f       0xeb ./SDK/platform/drivers/src/interrupt/interrupt_manager.o
 .debug_macro   0x00010b6a       0xeb ./SDK/platform/devices/startup.o
 .debug_macro   0x00010c55       0xea ./SDK/platform/devices/S32K144/startup/system_S32K144.o

.debug_line     0x00000000     0x180a
 .debug_line    0x00000000      0x5a9 ./Sources/main.o
 .debug_line    0x000005a9      0x78a ./SDK/platform/drivers/src/pins/pins_driver.o
 .debug_line    0x00000d33      0x479 ./SDK/platform/drivers/src/interrupt/interrupt_manager.o
 .debug_line    0x000011ac      0x272 ./SDK/platform/devices/startup.o
 .debug_line    0x0000141e      0x369 ./SDK/platform/devices/S32K144/startup/system_S32K144.o
 .debug_line    0x00001787       0x83 ./Project_Settings/Startup_Code/startup_S32K144.o

.debug_str      0x00000000    0x6ab1a
 .debug_str     0x00000000    0x695b7 ./Sources/main.o
                              0x69890 (size before relaxing)
 .debug_str     0x000695b7     0x113c ./SDK/platform/drivers/src/pins/pins_driver.o
                              0x69c41 (size before relaxing)
 .debug_str     0x0006a6f3      0x24f ./SDK/platform/drivers/src/interrupt/interrupt_manager.o
                              0x69172 (size before relaxing)
 .debug_str     0x0006a942      0x119 ./SDK/platform/devices/startup.o
                              0x68ada (size before relaxing)
 .debug_str     0x0006aa5b       0xbf ./SDK/platform/devices/S32K144/startup/system_S32K144.o
                              0x68bb4 (size before relaxing)

.comment        0x00000000       0x70
 .comment       0x00000000       0x70 ./Sources/main.o
                                 0x71 (size before relaxing)
 .comment       0x00000000       0x71 ./SDK/platform/drivers/src/pins/pins_driver.o
 .comment       0x00000000       0x71 ./SDK/platform/drivers/src/interrupt/interrupt_manager.o
 .comment       0x00000000       0x71 ./SDK/platform/devices/startup.o
 .comment       0x00000000       0x71 ./SDK/platform/devices/S32K144/startup/system_S32K144.o

.debug_frame    0x00000000      0xa40
 .debug_frame   0x00000000       0xcc ./Sources/main.o
 .debug_frame   0x000000cc      0x704 ./SDK/platform/drivers/src/pins/pins_driver.o
 .debug_frame   0x000007d0      0x1b8 ./SDK/platform/drivers/src/interrupt/interrupt_manager.o
 .debug_frame   0x00000988       0x38 ./SDK/platform/devices/startup.o
 .debug_frame   0x000009c0       0x80 ./SDK/platform/devices/S32K144/startup/system_S32K144.o
